Archive member included because of file (symbol)

../../../libraries/libge.a(ge_gpio.o)
                              objs/main.o (gpio_init)
../../../libraries/libge.a(ge_lcd.o)
                              objs/main.o (lcd_init)
../../../libraries/libge.a(ge_system.o)
                              objs/main.o (ge_init)
../../../libraries/libge.a(ge_vcom.o)
                              objs/hw_config.o (packet_sent)
../../../libraries/libge.a(HD44780_F3.o)
                              ../../../libraries/libge.a(ge_lcd.o) (HD44780_Init)
../../../libraries/libge.a(usb_desc.o)
                              objs/hw_config.o (Virtual_Com_Port_StringSerial)
../../../libraries/libge.a(usb_istr.o)
                              ../../../libraries/libge.a(ge_vcom.o) (USB_Istr)
../../../libraries/libge.a(usb_prop.o)
                              ../../../libraries/libge.a(usb_istr.o) (Device_Property)
../../../libraries/libge.a(usb_pwr.o)
                              ../../../libraries/libge.a(usb_prop.o) (PowerOn)
../../../libraries/libge.a(usb_core.o)
                              ../../../libraries/libge.a(usb_prop.o) (Standard_GetDescriptorData)
../../../libraries/libge.a(usb_init.o)
                              ../../../libraries/libge.a(ge_vcom.o) (USB_Init)
../../../libraries/libge.a(usb_int.o)
                              ../../../libraries/libge.a(usb_istr.o) (CTR_LP)
../../../libraries/libge.a(usb_mem.o)
                              objs/hw_config.o (UserToPMABufferCopy)
../../../libraries/libge.a(usb_regs.o)
                              ../../../libraries/libge.a(usb_prop.o) (SetBTABLE)
../../../libraries/libge.a(usb_sil.o)
                              ../../../libraries/libge.a(usb_prop.o) (USB_SIL_Init)
../../../libraries/libge.a(usb_endp.o)
                              ../../../libraries/libge.a(usb_istr.o) (EP1_IN_Callback)
Libraries/libstm32f3.a(stm32f30x_exti.o)
                              objs/hw_config.o (EXTI_Init)
Libraries/libstm32f3.a(stm32f30x_gpio.o)
                              objs/hw_config.o (GPIO_Init)
Libraries/libstm32f3.a(stm32f30x_misc.o)
                              objs/hw_config.o (NVIC_PriorityGroupConfig)
Libraries/libstm32f3.a(stm32f30x_rcc.o)
                              objs/hw_config.o (RCC_HSEConfig)
Libraries/libstm32f3.a(stm32f30x_syscfg.o)
                              objs/stm32f3_discovery.o (SYSCFG_EXTILineConfig)
/home/ned/ee155_tools/gcc-arm-none-eabi-4_9-2015q2/bin/../lib/gcc/arm-none-eabi/4.9.3/../../../../arm-none-eabi/lib/armv7e-m/fpu/libg.a(lib_a-exit.o)
                              /home/ned/ee155_tools/gcc-arm-none-eabi-4_9-2015q2/bin/../lib/gcc/arm-none-eabi/4.9.3/../../../../arm-none-eabi/lib/armv7e-m/fpu/crt0.o (exit)
/home/ned/ee155_tools/gcc-arm-none-eabi-4_9-2015q2/bin/../lib/gcc/arm-none-eabi/4.9.3/../../../../arm-none-eabi/lib/armv7e-m/fpu/libg.a(lib_a-impure.o)
                              /home/ned/ee155_tools/gcc-arm-none-eabi-4_9-2015q2/bin/../lib/gcc/arm-none-eabi/4.9.3/../../../../arm-none-eabi/lib/armv7e-m/fpu/libg.a(lib_a-exit.o) (_global_impure_ptr)
/home/ned/ee155_tools/gcc-arm-none-eabi-4_9-2015q2/bin/../lib/gcc/arm-none-eabi/4.9.3/../../../../arm-none-eabi/lib/armv7e-m/fpu/libg.a(lib_a-init.o)
                              /home/ned/ee155_tools/gcc-arm-none-eabi-4_9-2015q2/bin/../lib/gcc/arm-none-eabi/4.9.3/../../../../arm-none-eabi/lib/armv7e-m/fpu/crt0.o (__libc_init_array)
/home/ned/ee155_tools/gcc-arm-none-eabi-4_9-2015q2/bin/../lib/gcc/arm-none-eabi/4.9.3/../../../../arm-none-eabi/lib/armv7e-m/fpu/libg.a(lib_a-memset.o)
                              /home/ned/ee155_tools/gcc-arm-none-eabi-4_9-2015q2/bin/../lib/gcc/arm-none-eabi/4.9.3/../../../../arm-none-eabi/lib/armv7e-m/fpu/crt0.o (memset)
/home/ned/ee155_tools/gcc-arm-none-eabi-4_9-2015q2/bin/../lib/gcc/arm-none-eabi/4.9.3/../../../../arm-none-eabi/lib/armv7e-m/fpu/libg.a(lib_a-strlen.o)
                              ../../../libraries/libge.a(ge_vcom.o) (strlen)
/home/ned/ee155_tools/gcc-arm-none-eabi-4_9-2015q2/bin/../lib/gcc/arm-none-eabi/4.9.3/../../../../arm-none-eabi/lib/armv7e-m/fpu/libg.a(lib_a-__call_atexit.o)
                              /home/ned/ee155_tools/gcc-arm-none-eabi-4_9-2015q2/bin/../lib/gcc/arm-none-eabi/4.9.3/../../../../arm-none-eabi/lib/armv7e-m/fpu/libg.a(lib_a-exit.o) (__call_exitprocs)
/home/ned/ee155_tools/gcc-arm-none-eabi-4_9-2015q2/bin/../lib/gcc/arm-none-eabi/4.9.3/../../../../arm-none-eabi/lib/armv7e-m/fpu/libg.a(lib_a-atexit.o)
                              /home/ned/ee155_tools/gcc-arm-none-eabi-4_9-2015q2/bin/../lib/gcc/arm-none-eabi/4.9.3/../../../../arm-none-eabi/lib/armv7e-m/fpu/libg.a(lib_a-__call_atexit.o) (atexit)
/home/ned/ee155_tools/gcc-arm-none-eabi-4_9-2015q2/bin/../lib/gcc/arm-none-eabi/4.9.3/../../../../arm-none-eabi/lib/armv7e-m/fpu/libg.a(lib_a-fini.o)
                              /home/ned/ee155_tools/gcc-arm-none-eabi-4_9-2015q2/bin/../lib/gcc/arm-none-eabi/4.9.3/../../../../arm-none-eabi/lib/armv7e-m/fpu/libg.a(lib_a-__call_atexit.o) (__libc_fini_array)
/home/ned/ee155_tools/gcc-arm-none-eabi-4_9-2015q2/bin/../lib/gcc/arm-none-eabi/4.9.3/../../../../arm-none-eabi/lib/armv7e-m/fpu/libg.a(lib_a-__atexit.o)
                              /home/ned/ee155_tools/gcc-arm-none-eabi-4_9-2015q2/bin/../lib/gcc/arm-none-eabi/4.9.3/../../../../arm-none-eabi/lib/armv7e-m/fpu/libg.a(lib_a-atexit.o) (__register_exitproc)

Allocating common symbols
Common symbol       size              file

SaveRState          0x2               ../../../libraries/libge.a(usb_int.o)
HSEStartUpStatus    0x1               objs/hw_config.o
SaveState           0x2               ../../../libraries/libge.a(usb_init.o)
errno               0x4               objs/errno.o
adc_reg_callbacks   0x3c              objs/main.o
Receive_length      0x4               ../../../libraries/libge.a(usb_endp.o)
data_buf            0x3c              objs/main.o
chan_order          0x1e              objs/main.o
wIstr               0x2               ../../../libraries/libge.a(usb_istr.o)
pProperty           0x4               ../../../libraries/libge.a(usb_init.o)
EPindex             0x1               ../../../libraries/libge.a(usb_init.o)
_vcom_buf           0x100             ../../../libraries/libge.a(ge_vcom.o)
SaveTState          0x2               ../../../libraries/libge.a(usb_int.o)
Device_Info         0x1c              ../../../libraries/libge.a(usb_init.o)
pUser_Standard_Requests
                    0x4               ../../../libraries/libge.a(usb_init.o)
Receive_Buffer      0x40              objs/hw_config.o
StatusInfo          0x2               ../../../libraries/libge.a(usb_core.o)
pInformation        0x4               ../../../libraries/libge.a(usb_init.o)
ResumeS             0x2               ../../../libraries/libge.a(usb_pwr.o)
_vcom_buf_available
                    0x2               ../../../libraries/libge.a(ge_vcom.o)
EP                  0x20              ../../../libraries/libge.a(usb_pwr.o)
EXTI_InitStructure  0x8               objs/hw_config.o
Send_length         0x4               objs/hw_config.o
wInterrupt_Mask     0x2               ../../../libraries/libge.a(usb_init.o)

Discarded input sections

 .text          0x00000000        0x0 /home/ned/ee155_tools/gcc-arm-none-eabi-4_9-2015q2/bin/../lib/gcc/arm-none-eabi/4.9.3/armv7e-m/fpu/crti.o
 .data          0x00000000        0x0 /home/ned/ee155_tools/gcc-arm-none-eabi-4_9-2015q2/bin/../lib/gcc/arm-none-eabi/4.9.3/armv7e-m/fpu/crti.o
 .bss           0x00000000        0x0 /home/ned/ee155_tools/gcc-arm-none-eabi-4_9-2015q2/bin/../lib/gcc/arm-none-eabi/4.9.3/armv7e-m/fpu/crti.o
 .text          0x00000000       0x5c /home/ned/ee155_tools/gcc-arm-none-eabi-4_9-2015q2/bin/../lib/gcc/arm-none-eabi/4.9.3/armv7e-m/fpu/crtbegin.o
 .data          0x00000000        0x4 /home/ned/ee155_tools/gcc-arm-none-eabi-4_9-2015q2/bin/../lib/gcc/arm-none-eabi/4.9.3/armv7e-m/fpu/crtbegin.o
 .bss           0x00000000       0x1c /home/ned/ee155_tools/gcc-arm-none-eabi-4_9-2015q2/bin/../lib/gcc/arm-none-eabi/4.9.3/armv7e-m/fpu/crtbegin.o
 .init_array    0x00000000        0x4 /home/ned/ee155_tools/gcc-arm-none-eabi-4_9-2015q2/bin/../lib/gcc/arm-none-eabi/4.9.3/armv7e-m/fpu/crtbegin.o
 .fini_array    0x00000000        0x4 /home/ned/ee155_tools/gcc-arm-none-eabi-4_9-2015q2/bin/../lib/gcc/arm-none-eabi/4.9.3/armv7e-m/fpu/crtbegin.o
 .eh_frame      0x00000000        0x0 /home/ned/ee155_tools/gcc-arm-none-eabi-4_9-2015q2/bin/../lib/gcc/arm-none-eabi/4.9.3/armv7e-m/fpu/crtbegin.o
 .jcr           0x00000000        0x0 /home/ned/ee155_tools/gcc-arm-none-eabi-4_9-2015q2/bin/../lib/gcc/arm-none-eabi/4.9.3/armv7e-m/fpu/crtbegin.o
 .ARM.attributes
                0x00000000       0x34 /home/ned/ee155_tools/gcc-arm-none-eabi-4_9-2015q2/bin/../lib/gcc/arm-none-eabi/4.9.3/armv7e-m/fpu/crtbegin.o
 .text          0x00000000       0x74 /home/ned/ee155_tools/gcc-arm-none-eabi-4_9-2015q2/bin/../lib/gcc/arm-none-eabi/4.9.3/../../../../arm-none-eabi/lib/armv7e-m/fpu/crt0.o
 .data          0x00000000        0x0 /home/ned/ee155_tools/gcc-arm-none-eabi-4_9-2015q2/bin/../lib/gcc/arm-none-eabi/4.9.3/../../../../arm-none-eabi/lib/armv7e-m/fpu/crt0.o
 .bss           0x00000000        0x0 /home/ned/ee155_tools/gcc-arm-none-eabi-4_9-2015q2/bin/../lib/gcc/arm-none-eabi/4.9.3/../../../../arm-none-eabi/lib/armv7e-m/fpu/crt0.o
 .ARM.extab     0x00000000        0x0 /home/ned/ee155_tools/gcc-arm-none-eabi-4_9-2015q2/bin/../lib/gcc/arm-none-eabi/4.9.3/../../../../arm-none-eabi/lib/armv7e-m/fpu/crt0.o
 .ARM.exidx     0x00000000        0x8 /home/ned/ee155_tools/gcc-arm-none-eabi-4_9-2015q2/bin/../lib/gcc/arm-none-eabi/4.9.3/../../../../arm-none-eabi/lib/armv7e-m/fpu/crt0.o
 .ARM.attributes
                0x00000000       0x20 /home/ned/ee155_tools/gcc-arm-none-eabi-4_9-2015q2/bin/../lib/gcc/arm-none-eabi/4.9.3/../../../../arm-none-eabi/lib/armv7e-m/fpu/crt0.o
 .text          0x00000000        0x0 objs/errno.o
 .data          0x00000000        0x0 objs/errno.o
 .bss           0x00000000        0x0 objs/errno.o
 .text.__errno  0x00000000        0x8 objs/errno.o
 .debug_info    0x00000000       0xc6 objs/errno.o
 .debug_abbrev  0x00000000       0x81 objs/errno.o
 .debug_aranges
                0x00000000       0x20 objs/errno.o
 .debug_ranges  0x00000000       0x10 objs/errno.o
 .debug_line    0x00000000      0x11f objs/errno.o
 .debug_str     0x00000000      0x1da objs/errno.o
 .comment       0x00000000       0x71 objs/errno.o
 .debug_frame   0x00000000       0x20 objs/errno.o
 .ARM.attributes
                0x00000000       0x39 objs/errno.o
 COMMON         0x00000000        0x4 objs/errno.o
 .text          0x00000000        0x0 objs/hw_config.o
 .data          0x00000000        0x0 objs/hw_config.o
 .bss           0x00000000        0x0 objs/hw_config.o
 .text.GPIO_AINConfig
                0x00000000       0x4c objs/hw_config.o
 .text.Enter_LowPowerMode
                0x00000000       0x10 objs/hw_config.o
 .text          0x00000000        0x0 objs/main.o
 .data          0x00000000        0x0 objs/main.o
 .bss           0x00000000        0x0 objs/main.o
 COMMON         0x00000000       0x96 objs/main.o
 .text          0x00000000        0x0 objs/newlib_stubs.o
 .data          0x00000000        0x0 objs/newlib_stubs.o
 .bss           0x00000000        0x0 objs/newlib_stubs.o
 .text._close   0x00000000        0x6 objs/newlib_stubs.o
 .text._execve  0x00000000       0x10 objs/newlib_stubs.o
 .text._fork    0x00000000       0x10 objs/newlib_stubs.o
 .text._fstat   0x00000000        0xa objs/newlib_stubs.o
 .text._getpid  0x00000000        0x4 objs/newlib_stubs.o
 .text._isatty  0x00000000       0x18 objs/newlib_stubs.o
 .text._kill    0x00000000       0x10 objs/newlib_stubs.o
 .text._link    0x00000000       0x10 objs/newlib_stubs.o
 .text._lseek   0x00000000        0x4 objs/newlib_stubs.o
 .text._read    0x00000000       0x38 objs/newlib_stubs.o
 .text._stat    0x00000000        0xa objs/newlib_stubs.o
 .text._times   0x00000000        0x6 objs/newlib_stubs.o
 .text._unlink  0x00000000       0x10 objs/newlib_stubs.o
 .text._wait    0x00000000       0x10 objs/newlib_stubs.o
 .text._write   0x00000000       0x54 objs/newlib_stubs.o
 .text._exit    0x00000000       0x14 objs/newlib_stubs.o
 .text._sbrk    0x00000000       0x48 objs/newlib_stubs.o
 .bss.heap_end.7579
                0x00000000        0x4 objs/newlib_stubs.o
 .data.environ  0x00000000        0x4 objs/newlib_stubs.o
 .bss.__env     0x00000000        0x4 objs/newlib_stubs.o
 .rodata.str1.1
                0x00000000       0x1f objs/newlib_stubs.o
 .debug_info    0x00000000      0x826 objs/newlib_stubs.o
 .debug_abbrev  0x00000000      0x233 objs/newlib_stubs.o
 .debug_loc     0x00000000      0x49d objs/newlib_stubs.o
 .debug_aranges
                0x00000000       0xa0 objs/newlib_stubs.o
 .debug_ranges  0x00000000       0x90 objs/newlib_stubs.o
 .debug_line    0x00000000      0x32b objs/newlib_stubs.o
 .debug_str     0x00000000      0x456 objs/newlib_stubs.o
 .comment       0x00000000       0x71 objs/newlib_stubs.o
 .debug_frame   0x00000000      0x140 objs/newlib_stubs.o
 .ARM.attributes
                0x00000000       0x39 objs/newlib_stubs.o
 .text          0x00000000        0x0 objs/stm32f3_discovery.o
 .data          0x00000000        0x0 objs/stm32f3_discovery.o
 .bss           0x00000000        0x0 objs/stm32f3_discovery.o
 .text.STM_EVAL_LEDInit
                0x00000000       0x4c objs/stm32f3_discovery.o
 .text.STM_EVAL_LEDOn
                0x00000000       0x18 objs/stm32f3_discovery.o
 .text.STM_EVAL_LEDOff
                0x00000000       0x18 objs/stm32f3_discovery.o
 .text.STM_EVAL_LEDToggle
                0x00000000       0x20 objs/stm32f3_discovery.o
 .text.STM_EVAL_PBInit
                0x00000000       0x7c objs/stm32f3_discovery.o
 .text.STM_EVAL_PBGetState
                0x00000000       0x14 objs/stm32f3_discovery.o
 .rodata.BUTTON_IRQn
                0x00000000        0x1 objs/stm32f3_discovery.o
 .data.GPIO_PORT
                0x00000000       0x20 objs/stm32f3_discovery.o
 .rodata.BUTTON_PIN
                0x00000000        0x2 objs/stm32f3_discovery.o
 .rodata.GPIO_CLK
                0x00000000       0x20 objs/stm32f3_discovery.o
 .rodata.GPIO_PIN
                0x00000000       0x10 objs/stm32f3_discovery.o
 .rodata.BUTTON_CLK
                0x00000000        0x4 objs/stm32f3_discovery.o
 .rodata.BUTTON_PORT_SOURCE
                0x00000000        0x1 objs/stm32f3_discovery.o
 .data.BUTTON_PORT
                0x00000000        0x4 objs/stm32f3_discovery.o
 .rodata.BUTTON_PIN_SOURCE
                0x00000000        0x1 objs/stm32f3_discovery.o
 .rodata.BUTTON_EXTI_LINE
                0x00000000        0x2 objs/stm32f3_discovery.o
 .debug_info    0x00000000      0x9c4 objs/stm32f3_discovery.o
 .debug_abbrev  0x00000000      0x1de objs/stm32f3_discovery.o
 .debug_loc     0x00000000       0x84 objs/stm32f3_discovery.o
 .debug_aranges
                0x00000000       0x48 objs/stm32f3_discovery.o
 .debug_ranges  0x00000000       0x38 objs/stm32f3_discovery.o
 .debug_line    0x00000000      0x28e objs/stm32f3_discovery.o
 .debug_str     0x00000000      0xb5f objs/stm32f3_discovery.o
 .comment       0x00000000       0x71 objs/stm32f3_discovery.o
 .debug_frame   0x00000000       0x98 objs/stm32f3_discovery.o
 .ARM.attributes
                0x00000000       0x39 objs/stm32f3_discovery.o
 .text          0x00000000        0x0 objs/system_stm32f30x.o
 .data          0x00000000        0x0 objs/system_stm32f30x.o
 .bss           0x00000000        0x0 objs/system_stm32f30x.o
 .text.SystemCoreClockUpdate
                0x00000000       0x68 objs/system_stm32f30x.o
 .data.AHBPrescTable
                0x00000000       0x10 objs/system_stm32f30x.o
 .data.SystemCoreClock
                0x00000000        0x4 objs/system_stm32f30x.o
 .text          0x00000000       0x14 /tmp/cc8wXYmg.o
 .data          0x00000000        0x0 /tmp/cc8wXYmg.o
 .bss           0x00000000        0x0 /tmp/cc8wXYmg.o
 .bss           0x00000000        0x0 ../../../libraries/libge.a(ge_gpio.o)
 .data          0x00000000        0x0 ../../../libraries/libge.a(ge_lcd.o)
 .bss           0x00000000        0x0 ../../../libraries/libge.a(ge_lcd.o)
 .data          0x00000000        0x0 ../../../libraries/libge.a(HD44780_F3.o)
 .bss           0x00000000        0x0 ../../../libraries/libge.a(HD44780_F3.o)
 .text          0x00000000        0x0 ../../../libraries/libge.a(usb_desc.o)
 .bss           0x00000000        0x0 ../../../libraries/libge.a(usb_desc.o)
 .data          0x00000000        0x1 ../../../libraries/libge.a(usb_pwr.o)
 .data          0x00000000        0x0 ../../../libraries/libge.a(usb_core.o)
 .data          0x00000000        0x0 ../../../libraries/libge.a(usb_init.o)
 .bss           0x00000000        0x0 ../../../libraries/libge.a(usb_init.o)
 .data          0x00000000        0x0 ../../../libraries/libge.a(usb_int.o)
 .bss           0x00000000        0x0 ../../../libraries/libge.a(usb_int.o)
 .data          0x00000000        0x0 ../../../libraries/libge.a(usb_mem.o)
 .bss           0x00000000        0x0 ../../../libraries/libge.a(usb_mem.o)
 .data          0x00000000        0x0 ../../../libraries/libge.a(usb_regs.o)
 .bss           0x00000000        0x0 ../../../libraries/libge.a(usb_regs.o)
 .data          0x00000000        0x0 ../../../libraries/libge.a(usb_sil.o)
 .bss           0x00000000        0x0 ../../../libraries/libge.a(usb_sil.o)
 .data          0x00000000        0x0 ../../../libraries/libge.a(usb_endp.o)
 .bss           0x00000000        0x0 ../../../libraries/libge.a(usb_endp.o)
 .data          0x00000000        0x0 Libraries/libstm32f3.a(stm32f30x_exti.o)
 .bss           0x00000000        0x0 Libraries/libstm32f3.a(stm32f30x_exti.o)
 .data          0x00000000        0x0 Libraries/libstm32f3.a(stm32f30x_gpio.o)
 .bss           0x00000000        0x0 Libraries/libstm32f3.a(stm32f30x_gpio.o)
 .data          0x00000000        0x0 Libraries/libstm32f3.a(stm32f30x_misc.o)
 .bss           0x00000000        0x0 Libraries/libstm32f3.a(stm32f30x_misc.o)
 .bss           0x00000000        0x0 Libraries/libstm32f3.a(stm32f30x_rcc.o)
 .text          0x00000000      0x13c Libraries/libstm32f3.a(stm32f30x_syscfg.o)
 .data          0x00000000        0x0 Libraries/libstm32f3.a(stm32f30x_syscfg.o)
 .bss           0x00000000        0x0 Libraries/libstm32f3.a(stm32f30x_syscfg.o)
 .debug_info    0x00000000      0x3b3 Libraries/libstm32f3.a(stm32f30x_syscfg.o)
 .debug_abbrev  0x00000000      0x1a1 Libraries/libstm32f3.a(stm32f30x_syscfg.o)
 .debug_loc     0x00000000      0x27e Libraries/libstm32f3.a(stm32f30x_syscfg.o)
 .debug_aranges
                0x00000000       0x20 Libraries/libstm32f3.a(stm32f30x_syscfg.o)
 .debug_line    0x00000000      0x172 Libraries/libstm32f3.a(stm32f30x_syscfg.o)
 .debug_str     0x00000000      0x455 Libraries/libstm32f3.a(stm32f30x_syscfg.o)
 .comment       0x00000000       0x71 Libraries/libstm32f3.a(stm32f30x_syscfg.o)
 .debug_frame   0x00000000       0xfc Libraries/libstm32f3.a(stm32f30x_syscfg.o)
 .ARM.attributes
                0x00000000       0x39 Libraries/libstm32f3.a(stm32f30x_syscfg.o)
 .text          0x00000000        0x0 /home/ned/ee155_tools/gcc-arm-none-eabi-4_9-2015q2/bin/../lib/gcc/arm-none-eabi/4.9.3/../../../../arm-none-eabi/lib/armv7e-m/fpu/libg.a(lib_a-exit.o)
 .data          0x00000000        0x0 /home/ned/ee155_tools/gcc-arm-none-eabi-4_9-2015q2/bin/../lib/gcc/arm-none-eabi/4.9.3/../../../../arm-none-eabi/lib/armv7e-m/fpu/libg.a(lib_a-exit.o)
 .bss           0x00000000        0x0 /home/ned/ee155_tools/gcc-arm-none-eabi-4_9-2015q2/bin/../lib/gcc/arm-none-eabi/4.9.3/../../../../arm-none-eabi/lib/armv7e-m/fpu/libg.a(lib_a-exit.o)
 .text.exit     0x00000000       0x20 /home/ned/ee155_tools/gcc-arm-none-eabi-4_9-2015q2/bin/../lib/gcc/arm-none-eabi/4.9.3/../../../../arm-none-eabi/lib/armv7e-m/fpu/libg.a(lib_a-exit.o)
 .debug_frame   0x00000000       0x28 /home/ned/ee155_tools/gcc-arm-none-eabi-4_9-2015q2/bin/../lib/gcc/arm-none-eabi/4.9.3/../../../../arm-none-eabi/lib/armv7e-m/fpu/libg.a(lib_a-exit.o)
 .ARM.attributes
                0x00000000       0x34 /home/ned/ee155_tools/gcc-arm-none-eabi-4_9-2015q2/bin/../lib/gcc/arm-none-eabi/4.9.3/../../../../arm-none-eabi/lib/armv7e-m/fpu/libg.a(lib_a-exit.o)
 .text          0x00000000        0x0 /home/ned/ee155_tools/gcc-arm-none-eabi-4_9-2015q2/bin/../lib/gcc/arm-none-eabi/4.9.3/../../../../arm-none-eabi/lib/armv7e-m/fpu/libg.a(lib_a-impure.o)
 .data          0x00000000        0x0 /home/ned/ee155_tools/gcc-arm-none-eabi-4_9-2015q2/bin/../lib/gcc/arm-none-eabi/4.9.3/../../../../arm-none-eabi/lib/armv7e-m/fpu/libg.a(lib_a-impure.o)
 .bss           0x00000000        0x0 /home/ned/ee155_tools/gcc-arm-none-eabi-4_9-2015q2/bin/../lib/gcc/arm-none-eabi/4.9.3/../../../../arm-none-eabi/lib/armv7e-m/fpu/libg.a(lib_a-impure.o)
 .data.impure_data
                0x00000000      0x428 /home/ned/ee155_tools/gcc-arm-none-eabi-4_9-2015q2/bin/../lib/gcc/arm-none-eabi/4.9.3/../../../../arm-none-eabi/lib/armv7e-m/fpu/libg.a(lib_a-impure.o)
 .data._impure_ptr
                0x00000000        0x4 /home/ned/ee155_tools/gcc-arm-none-eabi-4_9-2015q2/bin/../lib/gcc/arm-none-eabi/4.9.3/../../../../arm-none-eabi/lib/armv7e-m/fpu/libg.a(lib_a-impure.o)
 .rodata.str1.4
                0x00000000        0x2 /home/ned/ee155_tools/gcc-arm-none-eabi-4_9-2015q2/bin/../lib/gcc/arm-none-eabi/4.9.3/../../../../arm-none-eabi/lib/armv7e-m/fpu/libg.a(lib_a-impure.o)
 .rodata._global_impure_ptr
                0x00000000        0x4 /home/ned/ee155_tools/gcc-arm-none-eabi-4_9-2015q2/bin/../lib/gcc/arm-none-eabi/4.9.3/../../../../arm-none-eabi/lib/armv7e-m/fpu/libg.a(lib_a-impure.o)
 .ARM.attributes
                0x00000000       0x34 /home/ned/ee155_tools/gcc-arm-none-eabi-4_9-2015q2/bin/../lib/gcc/arm-none-eabi/4.9.3/../../../../arm-none-eabi/lib/armv7e-m/fpu/libg.a(lib_a-impure.o)
 .text          0x00000000        0x0 /home/ned/ee155_tools/gcc-arm-none-eabi-4_9-2015q2/bin/../lib/gcc/arm-none-eabi/4.9.3/../../../../arm-none-eabi/lib/armv7e-m/fpu/libg.a(lib_a-init.o)
 .data          0x00000000        0x0 /home/ned/ee155_tools/gcc-arm-none-eabi-4_9-2015q2/bin/../lib/gcc/arm-none-eabi/4.9.3/../../../../arm-none-eabi/lib/armv7e-m/fpu/libg.a(lib_a-init.o)
 .bss           0x00000000        0x0 /home/ned/ee155_tools/gcc-arm-none-eabi-4_9-2015q2/bin/../lib/gcc/arm-none-eabi/4.9.3/../../../../arm-none-eabi/lib/armv7e-m/fpu/libg.a(lib_a-init.o)
 .text          0x00000000        0x0 /home/ned/ee155_tools/gcc-arm-none-eabi-4_9-2015q2/bin/../lib/gcc/arm-none-eabi/4.9.3/../../../../arm-none-eabi/lib/armv7e-m/fpu/libg.a(lib_a-memset.o)
 .data          0x00000000        0x0 /home/ned/ee155_tools/gcc-arm-none-eabi-4_9-2015q2/bin/../lib/gcc/arm-none-eabi/4.9.3/../../../../arm-none-eabi/lib/armv7e-m/fpu/libg.a(lib_a-memset.o)
 .bss           0x00000000        0x0 /home/ned/ee155_tools/gcc-arm-none-eabi-4_9-2015q2/bin/../lib/gcc/arm-none-eabi/4.9.3/../../../../arm-none-eabi/lib/armv7e-m/fpu/libg.a(lib_a-memset.o)
 .text.memset   0x00000000       0x9c /home/ned/ee155_tools/gcc-arm-none-eabi-4_9-2015q2/bin/../lib/gcc/arm-none-eabi/4.9.3/../../../../arm-none-eabi/lib/armv7e-m/fpu/libg.a(lib_a-memset.o)
 .debug_frame   0x00000000       0x34 /home/ned/ee155_tools/gcc-arm-none-eabi-4_9-2015q2/bin/../lib/gcc/arm-none-eabi/4.9.3/../../../../arm-none-eabi/lib/armv7e-m/fpu/libg.a(lib_a-memset.o)
 .ARM.attributes
                0x00000000       0x34 /home/ned/ee155_tools/gcc-arm-none-eabi-4_9-2015q2/bin/../lib/gcc/arm-none-eabi/4.9.3/../../../../arm-none-eabi/lib/armv7e-m/fpu/libg.a(lib_a-memset.o)
 .text          0x00000000        0x0 /home/ned/ee155_tools/gcc-arm-none-eabi-4_9-2015q2/bin/../lib/gcc/arm-none-eabi/4.9.3/../../../../arm-none-eabi/lib/armv7e-m/fpu/libg.a(lib_a-strlen.o)
 .data          0x00000000        0x0 /home/ned/ee155_tools/gcc-arm-none-eabi-4_9-2015q2/bin/../lib/gcc/arm-none-eabi/4.9.3/../../../../arm-none-eabi/lib/armv7e-m/fpu/libg.a(lib_a-strlen.o)
 .bss           0x00000000        0x0 /home/ned/ee155_tools/gcc-arm-none-eabi-4_9-2015q2/bin/../lib/gcc/arm-none-eabi/4.9.3/../../../../arm-none-eabi/lib/armv7e-m/fpu/libg.a(lib_a-strlen.o)
 .text          0x00000000        0x0 /home/ned/ee155_tools/gcc-arm-none-eabi-4_9-2015q2/bin/../lib/gcc/arm-none-eabi/4.9.3/../../../../arm-none-eabi/lib/armv7e-m/fpu/libg.a(lib_a-__call_atexit.o)
 .data          0x00000000        0x0 /home/ned/ee155_tools/gcc-arm-none-eabi-4_9-2015q2/bin/../lib/gcc/arm-none-eabi/4.9.3/../../../../arm-none-eabi/lib/armv7e-m/fpu/libg.a(lib_a-__call_atexit.o)
 .bss           0x00000000        0x0 /home/ned/ee155_tools/gcc-arm-none-eabi-4_9-2015q2/bin/../lib/gcc/arm-none-eabi/4.9.3/../../../../arm-none-eabi/lib/armv7e-m/fpu/libg.a(lib_a-__call_atexit.o)
 .text.startup.register_fini
                0x00000000       0x14 /home/ned/ee155_tools/gcc-arm-none-eabi-4_9-2015q2/bin/../lib/gcc/arm-none-eabi/4.9.3/../../../../arm-none-eabi/lib/armv7e-m/fpu/libg.a(lib_a-__call_atexit.o)
 .init_array.00000
                0x00000000        0x4 /home/ned/ee155_tools/gcc-arm-none-eabi-4_9-2015q2/bin/../lib/gcc/arm-none-eabi/4.9.3/../../../../arm-none-eabi/lib/armv7e-m/fpu/libg.a(lib_a-__call_atexit.o)
 .text.__call_exitprocs
                0x00000000       0xd4 /home/ned/ee155_tools/gcc-arm-none-eabi-4_9-2015q2/bin/../lib/gcc/arm-none-eabi/4.9.3/../../../../arm-none-eabi/lib/armv7e-m/fpu/libg.a(lib_a-__call_atexit.o)
 .debug_frame   0x00000000       0x50 /home/ned/ee155_tools/gcc-arm-none-eabi-4_9-2015q2/bin/../lib/gcc/arm-none-eabi/4.9.3/../../../../arm-none-eabi/lib/armv7e-m/fpu/libg.a(lib_a-__call_atexit.o)
 .ARM.attributes
                0x00000000       0x34 /home/ned/ee155_tools/gcc-arm-none-eabi-4_9-2015q2/bin/../lib/gcc/arm-none-eabi/4.9.3/../../../../arm-none-eabi/lib/armv7e-m/fpu/libg.a(lib_a-__call_atexit.o)
 .text          0x00000000        0x0 /home/ned/ee155_tools/gcc-arm-none-eabi-4_9-2015q2/bin/../lib/gcc/arm-none-eabi/4.9.3/../../../../arm-none-eabi/lib/armv7e-m/fpu/libg.a(lib_a-atexit.o)
 .data          0x00000000        0x0 /home/ned/ee155_tools/gcc-arm-none-eabi-4_9-2015q2/bin/../lib/gcc/arm-none-eabi/4.9.3/../../../../arm-none-eabi/lib/armv7e-m/fpu/libg.a(lib_a-atexit.o)
 .bss           0x00000000        0x0 /home/ned/ee155_tools/gcc-arm-none-eabi-4_9-2015q2/bin/../lib/gcc/arm-none-eabi/4.9.3/../../../../arm-none-eabi/lib/armv7e-m/fpu/libg.a(lib_a-atexit.o)
 .text.atexit   0x00000000        0xc /home/ned/ee155_tools/gcc-arm-none-eabi-4_9-2015q2/bin/../lib/gcc/arm-none-eabi/4.9.3/../../../../arm-none-eabi/lib/armv7e-m/fpu/libg.a(lib_a-atexit.o)
 .debug_frame   0x00000000       0x20 /home/ned/ee155_tools/gcc-arm-none-eabi-4_9-2015q2/bin/../lib/gcc/arm-none-eabi/4.9.3/../../../../arm-none-eabi/lib/armv7e-m/fpu/libg.a(lib_a-atexit.o)
 .ARM.attributes
                0x00000000       0x34 /home/ned/ee155_tools/gcc-arm-none-eabi-4_9-2015q2/bin/../lib/gcc/arm-none-eabi/4.9.3/../../../../arm-none-eabi/lib/armv7e-m/fpu/libg.a(lib_a-atexit.o)
 .text          0x00000000        0x0 /home/ned/ee155_tools/gcc-arm-none-eabi-4_9-2015q2/bin/../lib/gcc/arm-none-eabi/4.9.3/../../../../arm-none-eabi/lib/armv7e-m/fpu/libg.a(lib_a-fini.o)
 .data          0x00000000        0x0 /home/ned/ee155_tools/gcc-arm-none-eabi-4_9-2015q2/bin/../lib/gcc/arm-none-eabi/4.9.3/../../../../arm-none-eabi/lib/armv7e-m/fpu/libg.a(lib_a-fini.o)
 .bss           0x00000000        0x0 /home/ned/ee155_tools/gcc-arm-none-eabi-4_9-2015q2/bin/../lib/gcc/arm-none-eabi/4.9.3/../../../../arm-none-eabi/lib/armv7e-m/fpu/libg.a(lib_a-fini.o)
 .text.__libc_fini_array
                0x00000000       0x2c /home/ned/ee155_tools/gcc-arm-none-eabi-4_9-2015q2/bin/../lib/gcc/arm-none-eabi/4.9.3/../../../../arm-none-eabi/lib/armv7e-m/fpu/libg.a(lib_a-fini.o)
 .debug_frame   0x00000000       0x34 /home/ned/ee155_tools/gcc-arm-none-eabi-4_9-2015q2/bin/../lib/gcc/arm-none-eabi/4.9.3/../../../../arm-none-eabi/lib/armv7e-m/fpu/libg.a(lib_a-fini.o)
 .ARM.attributes
                0x00000000       0x34 /home/ned/ee155_tools/gcc-arm-none-eabi-4_9-2015q2/bin/../lib/gcc/arm-none-eabi/4.9.3/../../../../arm-none-eabi/lib/armv7e-m/fpu/libg.a(lib_a-fini.o)
 .text          0x00000000        0x0 /home/ned/ee155_tools/gcc-arm-none-eabi-4_9-2015q2/bin/../lib/gcc/arm-none-eabi/4.9.3/../../../../arm-none-eabi/lib/armv7e-m/fpu/libg.a(lib_a-__atexit.o)
 .data          0x00000000        0x0 /home/ned/ee155_tools/gcc-arm-none-eabi-4_9-2015q2/bin/../lib/gcc/arm-none-eabi/4.9.3/../../../../arm-none-eabi/lib/armv7e-m/fpu/libg.a(lib_a-__atexit.o)
 .bss           0x00000000        0x0 /home/ned/ee155_tools/gcc-arm-none-eabi-4_9-2015q2/bin/../lib/gcc/arm-none-eabi/4.9.3/../../../../arm-none-eabi/lib/armv7e-m/fpu/libg.a(lib_a-__atexit.o)
 .text.__register_exitproc
                0x00000000       0xa4 /home/ned/ee155_tools/gcc-arm-none-eabi-4_9-2015q2/bin/../lib/gcc/arm-none-eabi/4.9.3/../../../../arm-none-eabi/lib/armv7e-m/fpu/libg.a(lib_a-__atexit.o)
 .debug_frame   0x00000000       0x34 /home/ned/ee155_tools/gcc-arm-none-eabi-4_9-2015q2/bin/../lib/gcc/arm-none-eabi/4.9.3/../../../../arm-none-eabi/lib/armv7e-m/fpu/libg.a(lib_a-__atexit.o)
 .ARM.attributes
                0x00000000       0x34 /home/ned/ee155_tools/gcc-arm-none-eabi-4_9-2015q2/bin/../lib/gcc/arm-none-eabi/4.9.3/../../../../arm-none-eabi/lib/armv7e-m/fpu/libg.a(lib_a-__atexit.o)
 .text          0x00000000        0x0 /home/ned/ee155_tools/gcc-arm-none-eabi-4_9-2015q2/bin/../lib/gcc/arm-none-eabi/4.9.3/armv7e-m/fpu/crtend.o
 .data          0x00000000        0x0 /home/ned/ee155_tools/gcc-arm-none-eabi-4_9-2015q2/bin/../lib/gcc/arm-none-eabi/4.9.3/armv7e-m/fpu/crtend.o
 .bss           0x00000000        0x0 /home/ned/ee155_tools/gcc-arm-none-eabi-4_9-2015q2/bin/../lib/gcc/arm-none-eabi/4.9.3/armv7e-m/fpu/crtend.o
 .eh_frame      0x00000000        0x4 /home/ned/ee155_tools/gcc-arm-none-eabi-4_9-2015q2/bin/../lib/gcc/arm-none-eabi/4.9.3/armv7e-m/fpu/crtend.o
 .jcr           0x00000000        0x4 /home/ned/ee155_tools/gcc-arm-none-eabi-4_9-2015q2/bin/../lib/gcc/arm-none-eabi/4.9.3/armv7e-m/fpu/crtend.o
 .ARM.attributes
                0x00000000       0x34 /home/ned/ee155_tools/gcc-arm-none-eabi-4_9-2015q2/bin/../lib/gcc/arm-none-eabi/4.9.3/armv7e-m/fpu/crtend.o
 .text          0x00000000        0x0 /home/ned/ee155_tools/gcc-arm-none-eabi-4_9-2015q2/bin/../lib/gcc/arm-none-eabi/4.9.3/armv7e-m/fpu/crtn.o
 .data          0x00000000        0x0 /home/ned/ee155_tools/gcc-arm-none-eabi-4_9-2015q2/bin/../lib/gcc/arm-none-eabi/4.9.3/armv7e-m/fpu/crtn.o
 .bss           0x00000000        0x0 /home/ned/ee155_tools/gcc-arm-none-eabi-4_9-2015q2/bin/../lib/gcc/arm-none-eabi/4.9.3/armv7e-m/fpu/crtn.o

Memory Configuration

Name             Origin             Length             Attributes
FLASH            0x08000000         0x00040000         xr
RAM              0x20000000         0x00008000         xrw
*default*        0x00000000         0xffffffff

Linker script and memory map

LOAD /home/ned/ee155_tools/gcc-arm-none-eabi-4_9-2015q2/bin/../lib/gcc/arm-none-eabi/4.9.3/armv7e-m/fpu/crti.o
LOAD /home/ned/ee155_tools/gcc-arm-none-eabi-4_9-2015q2/bin/../lib/gcc/arm-none-eabi/4.9.3/armv7e-m/fpu/crtbegin.o
LOAD /home/ned/ee155_tools/gcc-arm-none-eabi-4_9-2015q2/bin/../lib/gcc/arm-none-eabi/4.9.3/../../../../arm-none-eabi/lib/armv7e-m/fpu/crt0.o
LOAD objs/errno.o
LOAD objs/hw_config.o
LOAD objs/main.o
LOAD objs/newlib_stubs.o
LOAD objs/stm32f3_discovery.o
LOAD objs/system_stm32f30x.o
LOAD /tmp/cc8wXYmg.o
LOAD ../../../libraries/libge.a
LOAD Libraries/libstm32f3.a
START GROUP
LOAD /home/ned/ee155_tools/gcc-arm-none-eabi-4_9-2015q2/bin/../lib/gcc/arm-none-eabi/4.9.3/armv7e-m/fpu/libgcc.a
LOAD /home/ned/ee155_tools/gcc-arm-none-eabi-4_9-2015q2/bin/../lib/gcc/arm-none-eabi/4.9.3/../../../../arm-none-eabi/lib/armv7e-m/fpu/libg.a
LOAD /home/ned/ee155_tools/gcc-arm-none-eabi-4_9-2015q2/bin/../lib/gcc/arm-none-eabi/4.9.3/../../../../arm-none-eabi/lib/armv7e-m/fpu/libc.a
END GROUP
LOAD /home/ned/ee155_tools/gcc-arm-none-eabi-4_9-2015q2/bin/../lib/gcc/arm-none-eabi/4.9.3/armv7e-m/fpu/crtend.o
LOAD /home/ned/ee155_tools/gcc-arm-none-eabi-4_9-2015q2/bin/../lib/gcc/arm-none-eabi/4.9.3/armv7e-m/fpu/crtn.o
                0x20008000                _estack = 0x20008000

.isr_vector     0x08000000      0x188
                0x08000000                . = ALIGN (0x4)
 *(.isr_vector)
 .isr_vector    0x08000000      0x188 /tmp/cc8wXYmg.o
                0x08000000                g_pfnVectors
                0x08000188                . = ALIGN (0x4)

.text           0x08000188     0x30d0
                0x08000188                . = ALIGN (0x4)
 *(.text)
 .text          0x08000188      0x120 ../../../libraries/libge.a(ge_gpio.o)
                0x08000188                gpio_init
                0x080001cc                gpio_deinit
                0x08000210                gpio_setup_pin
                0x08000270                gpio_write_pin
                0x08000290                gpio_read_pin
 .text          0x080002a8       0x14 ../../../libraries/libge.a(ge_lcd.o)
                0x080002a8                lcd_init
                0x080002ac                lcd_putc
                0x080002b0                lcd_goto
                0x080002b4                lcd_puts
                0x080002b8                lcd_clear
 .text          0x080002bc       0x74 ../../../libraries/libge.a(ge_system.o)
                0x080002bc                ge_init
                0x080002f8                delay_ms
                0x08000310                SysTick_Handler
 .text          0x08000330       0xd8 ../../../libraries/libge.a(ge_vcom.o)
                0x08000330                vcom_init
                0x08000374                vcom_send
                0x08000388                vcom_read
                0x080003b8                vcom_corrupt
                0x080003cc                vcom_reset
                0x080003e4                vcom_available
                0x080003f0                USB_LP_CAN1_RX0_IRQHandler
                0x080003f4                USBWakeUp_IRQHandler
 .text          0x08000408      0x27c ../../../libraries/libge.a(HD44780_F3.o)
                0x08000408                hd44780_wr_hi_nibble
                0x08000498                hd44780_wr_lo_nibble
                0x08000528                hd44780_write
                0x0800053c                hd44780_wr_cmd
                0x08000560                hd44780_wr_data
                0x08000584                hd44780_Delay
                0x08000588                HD44780_Init
                0x08000638                HD44780_PutChar
                0x0800063c                HD44780_GotoXY
                0x08000658                HD44780_PutStr
                0x0800067c                HD44780_ClrScr
 .text          0x08000684      0x158 ../../../libraries/libge.a(usb_istr.o)
                0x08000684                USB_Istr
 .text          0x080007dc      0x238 ../../../libraries/libge.a(usb_prop.o)
                0x080007dc                Virtual_Com_Port_SetConfiguration
                0x080007f4                Virtual_Com_Port_SetDeviceAddress
                0x08000800                Virtual_Com_Port_Status_In
                0x08000814                Virtual_Com_Port_Status_Out
                0x08000818                Virtual_Com_Port_Data_Setup
                0x08000874                Virtual_Com_Port_NoData_Setup
                0x08000898                Virtual_Com_Port_Get_Interface_Setting
                0x080008a8                Virtual_Com_Port_GetLineCoding
                0x080008c0                Virtual_Com_Port_SetLineCoding
                0x080008d8                Virtual_Com_Port_init
                0x080008fc                Virtual_Com_Port_Reset
                0x080009dc                Virtual_Com_Port_GetDeviceDescriptor
                0x080009e8                Virtual_Com_Port_GetConfigDescriptor
                0x080009f4                Virtual_Com_Port_GetStringDescriptor
 .text          0x08000a14      0x230 ../../../libraries/libge.a(usb_pwr.o)
                0x08000a14                PowerOn
                0x08000a44                PowerOff
                0x08000a68                Suspend
                0x08000b4c                Resume_Init
                0x08000b6c                Resume
 .text          0x08000c44      0x918 ../../../libraries/libge.a(usb_core.o)
                0x08000c44                Standard_GetConfiguration
                0x08000c6c                Standard_GetInterface
                0x08000c94                Standard_GetStatus
                0x08000dcc                Standard_SetConfiguration
                0x08000e08                Standard_SetInterface
                0x08000e58                Standard_ClearFeature
                0x08000f30                Standard_SetEndPointFeature
                0x08000fc8                Standard_SetDeviceFeature
                0x08000fec                Standard_GetDescriptorData
                0x08001008                Post0_Process
                0x0800104c                Setup0_Process
                0x080013c4                Out0_Process
                0x080014a8                SetDeviceAddress
                0x080014e8                In0_Process
                0x08001558                NOP_Process
 .text          0x0800155c       0x38 ../../../libraries/libge.a(usb_init.o)
                0x0800155c                USB_Init
 .text          0x08001594      0x200 ../../../libraries/libge.a(usb_int.o)
                0x08001594                CTR_LP
                0x08001714                CTR_HP
 .text          0x08001794       0x58 ../../../libraries/libge.a(usb_mem.o)
                0x08001794                UserToPMABufferCopy
                0x080017cc                PMAToUserBufferCopy
 .text          0x080017ec      0x81c ../../../libraries/libge.a(usb_regs.o)
                0x080017ec                SetCNTR
                0x080017f8                GetCNTR
                0x08001804                SetISTR
                0x08001810                GetISTR
                0x0800181c                GetFNR
                0x08001828                SetDADDR
                0x08001834                GetDADDR
                0x08001840                SetBTABLE
                0x08001850                GetBTABLE
                0x0800185c                SetENDPOINT
                0x0800186c                GetENDPOINT
                0x0800187c                SetEPType
                0x08001898                GetEPType
                0x080018ac                SetEPTxStatus
                0x080018e0                SetEPRxStatus
                0x08001914                SetDouBleBuffEPStall
                0x08001940                GetEPTxStatus
                0x08001954                GetEPRxStatus
                0x08001968                SetEPTxValid
                0x08001990                SetEPRxValid
                0x080019b8                SetEP_KIND
                0x080019d8                ClearEP_KIND
                0x080019f8                Clear_Status_Out
                0x08001a18                Set_Status_Out
                0x08001a38                SetEPDoubleBuff
                0x08001a58                ClearEPDoubleBuff
                0x08001a78                GetTxStallStatus
                0x08001a94                GetRxStallStatus
                0x08001ab0                ClearEP_CTR_RX
                0x08001ac8                ClearEP_CTR_TX
                0x08001ae0                ToggleDTOG_RX
                0x08001b00                ToggleDTOG_TX
                0x08001b20                ClearDTOG_RX
                0x08001b44                ClearDTOG_TX
                0x08001b68                SetEPAddress
                0x08001b88                GetEPAddress
                0x08001b9c                SetEPTxAddr
                0x08001bbc                SetEPRxAddr
                0x08001bdc                GetEPTxAddr
                0x08001bfc                GetEPRxAddr
                0x08001c1c                SetEPTxCount
                0x08001c38                SetEPCountRxReg
                0x08001c60                SetEPRxCount
                0x08001ca4                GetEPTxCount
                0x08001cc4                GetEPRxCount
                0x08001ce4                SetEPDblBuffAddr
                0x08001d20                SetEPDblBuf0Addr
                0x08001d40                SetEPDblBuf1Addr
                0x08001d60                GetEPDblBuf0Addr
                0x08001d80                GetEPDblBuf1Addr
                0x08001da0                SetEPDblBuffCount
                0x08001e68                SetEPDblBuf0Count
                0x08001ec8                SetEPDblBuf1Count
                0x08001f28                GetEPDblBuf0Count
                0x08001f48                GetEPDblBuf1Count
                0x08001f68                GetEPDblBufDir
                0x08001fac                FreeUserBuffer
                0x08001ff4                ToWord
                0x08001ffc                ByteSwap
 .text          0x08002008       0x74 ../../../libraries/libge.a(usb_sil.o)
                0x08002008                USB_SIL_Init
                0x08002030                USB_SIL_Write
                0x08002058                USB_SIL_Read
 .text          0x0800207c       0x8c ../../../libraries/libge.a(usb_endp.o)
                0x0800207c                EP1_IN_Callback
                0x08002088                EP3_OUT_Callback
 .text          0x08002108      0x1f0 Libraries/libstm32f3.a(stm32f30x_exti.o)
                0x08002108                EXTI_DeInit
                0x0800213c                EXTI_Init
                0x08002250                EXTI_StructInit
                0x08002260                EXTI_GenerateSWInterrupt
                0x08002280                EXTI_GetFlagStatus
                0x080022a0                EXTI_ClearFlag
                0x080022b8                EXTI_GetITStatus
                0x080022e0                EXTI_ClearITPendingBit
 .text          0x080022f8      0x214 Libraries/libstm32f3.a(stm32f30x_gpio.o)
                0x080022f8                GPIO_DeInit
                0x080023c4                GPIO_Init
                0x08002480                GPIO_StructInit
                0x08002494                GPIO_PinLockConfig
                0x080024a4                GPIO_ReadInputDataBit
                0x080024b0                GPIO_ReadInputData
                0x080024b8                GPIO_ReadOutputDataBit
                0x080024c4                GPIO_ReadOutputData
                0x080024cc                GPIO_SetBits
                0x080024d0                GPIO_ResetBits
                0x080024d4                GPIO_WriteBit
                0x080024e0                GPIO_Write
                0x080024e4                GPIO_PinAFConfig
 .text          0x0800250c       0xc8 Libraries/libstm32f3.a(stm32f30x_misc.o)
                0x0800250c                NVIC_PriorityGroupConfig
                0x08002520                NVIC_Init
                0x08002590                NVIC_SetVectorTable
                0x080025a4                NVIC_SystemLPConfig
                0x080025bc                SysTick_CLKSourceConfig
 .text          0x080025d4      0x654 Libraries/libstm32f3.a(stm32f30x_rcc.o)
                0x080025d4                RCC_DeInit
                0x08002628                RCC_HSEConfig
                0x08002638                RCC_AdjustHSICalibrationValue
                0x0800264c                RCC_HSICmd
                0x08002658                RCC_LSEConfig
                0x08002678                RCC_LSEDriveConfig
                0x08002690                RCC_LSICmd
                0x0800269c                RCC_PLLConfig
                0x080026b4                RCC_PLLCmd
                0x080026c0                RCC_PREDIV1Config
                0x080026d4                RCC_ClockSecuritySystemCmd
                0x080026e0                RCC_MCOConfig
                0x080026ec                RCC_SYSCLKConfig
                0x08002700                RCC_GetSYSCLKSource
                0x08002710                RCC_HCLKConfig
                0x08002724                RCC_PCLK1Config
                0x08002738                RCC_PCLK2Config
                0x0800274c                RCC_GetClocksFreq
                0x080029d8                RCC_ADCCLKConfig
                0x080029f8                RCC_I2CCLKConfig
                0x08002a18                RCC_TIMCLKConfig
                0x08002a38                RCC_USARTCLKConfig
                0x08002a94                RCC_USBCLKConfig
                0x08002aa0                RCC_RTCCLKConfig
                0x08002ab0                RCC_I2SCLKConfig
                0x08002abc                RCC_RTCCLKCmd
                0x08002ac8                RCC_BackupResetCmd
                0x08002ad4                RCC_AHBPeriphClockCmd
                0x08002aec                RCC_APB2PeriphClockCmd
                0x08002b04                RCC_APB1PeriphClockCmd
                0x08002b1c                RCC_AHBPeriphResetCmd
                0x08002b34                RCC_APB2PeriphResetCmd
                0x08002b4c                RCC_APB1PeriphResetCmd
                0x08002b64                RCC_ITConfig
                0x08002b7c                RCC_GetFlagStatus
                0x08002bc4                RCC_WaitForHSEStartUp
                0x08002bf8                RCC_ClearFlag
                0x08002c08                RCC_GetITStatus
                0x08002c1c                RCC_ClearITPendingBit
 *(.text.*)
 .text.IntToUnicode
                0x08002c28       0x28 objs/hw_config.o
 .text.Set_System
                0x08002c50       0x88 objs/hw_config.o
                0x08002c50                Set_System
 .text.Set_USBClock
                0x08002cd8       0x16 objs/hw_config.o
                0x08002cd8                Set_USBClock
 *fill*         0x08002cee        0x2 
 .text.Leave_LowPowerMode
                0x08002cf0       0x58 objs/hw_config.o
                0x08002cf0                Leave_LowPowerMode
 .text.USB_Interrupts_Config
                0x08002d48       0x50 objs/hw_config.o
                0x08002d48                USB_Interrupts_Config
 .text.USB_Cable_Config
                0x08002d98       0x1c objs/hw_config.o
                0x08002d98                USB_Cable_Config
 .text.Get_SerialNum
                0x08002db4       0x34 objs/hw_config.o
                0x08002db4                Get_SerialNum
 .text.CDC_Send_DATA
                0x08002de8       0x34 objs/hw_config.o
                0x08002de8                CDC_Send_DATA
 .text.CDC_Receive_DATA
                0x08002e1c        0xc objs/hw_config.o
                0x08002e1c                CDC_Receive_DATA
 .text.setup_led_gpio
                0x08002e28       0x66 objs/main.o
                0x08002e28                setup_led_gpio
 .text.led_off  0x08002e8e       0x46 objs/main.o
                0x08002e8e                led_off
 .text.led_on   0x08002ed4       0x46 objs/main.o
                0x08002ed4                led_on
 *fill*         0x08002f1a        0x2 
 .text.startup.main
                0x08002f1c       0x68 objs/main.o
                0x08002f1c                main
 .text.SystemInit
                0x08002f84       0xfc objs/system_stm32f30x.o
                0x08002f84                SystemInit
 .text.Reset_Handler
                0x08003080       0x48 /tmp/cc8wXYmg.o
                0x08003080                Reset_Handler
 .text.Default_Handler
                0x080030c8        0x2 /tmp/cc8wXYmg.o
                0x080030c8                RTC_Alarm_IRQHandler
                0x080030c8                TIM8_TRG_COM_IRQHandler
                0x080030c8                TIM8_CC_IRQHandler
                0x080030c8                DebugMon_Handler
                0x080030c8                TIM1_CC_IRQHandler
                0x080030c8                HardFault_Handler
                0x080030c8                USB_HP_IRQHandler
                0x080030c8                PVD_IRQHandler
                0x080030c8                PendSV_Handler
                0x080030c8                NMI_Handler
                0x080030c8                EXTI3_IRQHandler
                0x080030c8                EXTI0_IRQHandler
                0x080030c8                I2C2_EV_IRQHandler
                0x080030c8                FPU_IRQHandler
                0x080030c8                EXTI2_TS_IRQHandler
                0x080030c8                TIM1_UP_TIM16_IRQHandler
                0x080030c8                UsageFault_Handler
                0x080030c8                ADC1_2_IRQHandler
                0x080030c8                SPI1_IRQHandler
                0x080030c8                TIM6_DAC_IRQHandler
                0x080030c8                TIM8_UP_IRQHandler
                0x080030c8                DMA2_Channel2_IRQHandler
                0x080030c8                DMA1_Channel4_IRQHandler
                0x080030c8                USART3_IRQHandler
                0x080030c8                DMA1_Channel7_IRQHandler
                0x080030c8                CAN1_RX1_IRQHandler
                0x080030c8                UART5_IRQHandler
                0x080030c8                ADC3_IRQHandler
                0x080030c8                TIM4_IRQHandler
                0x080030c8                DMA2_Channel1_IRQHandler
                0x080030c8                I2C1_EV_IRQHandler
                0x080030c8                DMA1_Channel6_IRQHandler
                0x080030c8                UART4_IRQHandler
                0x080030c8                DMA2_Channel4_IRQHandler
                0x080030c8                TIM3_IRQHandler
                0x080030c8                RCC_IRQHandler
                0x080030c8                DMA1_Channel1_IRQHandler
                0x080030c8                Default_Handler
                0x080030c8                USBWakeUp_RMP_IRQHandler
                0x080030c8                EXTI15_10_IRQHandler
                0x080030c8                TIM7_IRQHandler
                0x080030c8                EXTI9_5_IRQHandler
                0x080030c8                TAMPER_STAMP_IRQHandler
                0x080030c8                RTC_WKUP_IRQHandler
                0x080030c8                SPI2_IRQHandler
                0x080030c8                MemManage_Handler
                0x080030c8                SVC_Handler
                0x080030c8                DMA2_Channel5_IRQHandler
                0x080030c8                DMA1_Channel5_IRQHandler
                0x080030c8                USB_LP_IRQHandler
                0x080030c8                EXTI4_IRQHandler
                0x080030c8                TIM1_TRG_COM_TIM17_IRQHandler
                0x080030c8                USB_HP_CAN1_TX_IRQHandler
                0x080030c8                DMA1_Channel3_IRQHandler
                0x080030c8                ADC4_IRQHandler
                0x080030c8                WWDG_IRQHandler
                0x080030c8                TIM2_IRQHandler
                0x080030c8                COMP7_IRQHandler
                0x080030c8                COMP1_2_3_IRQHandler
                0x080030c8                EXTI1_IRQHandler
                0x080030c8                USART2_IRQHandler
                0x080030c8                COMP4_5_6_IRQHandler
                0x080030c8                I2C2_ER_IRQHandler
                0x080030c8                DMA1_Channel2_IRQHandler
                0x080030c8                TIM8_BRK_IRQHandler
                0x080030c8                CAN1_SCE_IRQHandler
                0x080030c8                FLASH_IRQHandler
                0x080030c8                BusFault_Handler
                0x080030c8                USART1_IRQHandler
                0x080030c8                SPI3_IRQHandler
                0x080030c8                I2C1_ER_IRQHandler
                0x080030c8                DMA2_Channel3_IRQHandler
                0x080030c8                TIM1_BRK_TIM15_IRQHandler
 *fill*         0x080030ca        0x2 
 .text.__libc_init_array
                0x080030cc       0x50 /home/ned/ee155_tools/gcc-arm-none-eabi-4_9-2015q2/bin/../lib/gcc/arm-none-eabi/4.9.3/../../../../arm-none-eabi/lib/armv7e-m/fpu/libg.a(lib_a-init.o)
                0x080030cc                __libc_init_array
 .text.strlen   0x0800311c       0x5c /home/ned/ee155_tools/gcc-arm-none-eabi-4_9-2015q2/bin/../lib/gcc/arm-none-eabi/4.9.3/../../../../arm-none-eabi/lib/armv7e-m/fpu/libg.a(lib_a-strlen.o)
                0x0800311c                strlen
 *(.rodata)
 .rodata        0x08003178        0x4 ../../../libraries/libge.a(HD44780_F3.o)
 .rodata        0x0800317c       0xb6 ../../../libraries/libge.a(usb_desc.o)
                0x0800317c                Virtual_Com_Port_StringProduct
                0x080031b0                Virtual_Com_Port_StringVendor
                0x080031d8                Virtual_Com_Port_StringLangID
                0x080031dc                Virtual_Com_Port_ConfigDescriptor
                0x08003220                Virtual_Com_Port_DeviceDescriptor
 *(.rodata*)
 .rodata.str1.1
                0x08003232        0xe objs/main.o
 *(.glue_7)
 .glue_7        0x00000000        0x0 linker stubs
 *(.glue_7t)
 .glue_7t       0x00000000        0x0 linker stubs
 *(.init)
 .init          0x08003240        0x4 /home/ned/ee155_tools/gcc-arm-none-eabi-4_9-2015q2/bin/../lib/gcc/arm-none-eabi/4.9.3/armv7e-m/fpu/crti.o
                0x08003240                _init
 .init          0x08003244        0x8 /home/ned/ee155_tools/gcc-arm-none-eabi-4_9-2015q2/bin/../lib/gcc/arm-none-eabi/4.9.3/armv7e-m/fpu/crtn.o
 *(.fini)
 .fini          0x0800324c        0x4 /home/ned/ee155_tools/gcc-arm-none-eabi-4_9-2015q2/bin/../lib/gcc/arm-none-eabi/4.9.3/armv7e-m/fpu/crti.o
                0x0800324c                _fini
 .fini          0x08003250        0x8 /home/ned/ee155_tools/gcc-arm-none-eabi-4_9-2015q2/bin/../lib/gcc/arm-none-eabi/4.9.3/armv7e-m/fpu/crtn.o
                0x08003258                . = ALIGN (0x4)
                0x08003258                _etext = .
                0x08003258                _sidata = _etext

.vfp11_veneer   0x08003258        0x0
 .vfp11_veneer  0x00000000        0x0 linker stubs

.v4_bx          0x08003258        0x0
 .v4_bx         0x00000000        0x0 linker stubs

.iplt           0x08003258        0x0
 .iplt          0x00000000        0x0 /home/ned/ee155_tools/gcc-arm-none-eabi-4_9-2015q2/bin/../lib/gcc/arm-none-eabi/4.9.3/armv7e-m/fpu/crtbegin.o

.rel.dyn        0x08003258        0x0
 .rel.iplt      0x00000000        0x0 /home/ned/ee155_tools/gcc-arm-none-eabi-4_9-2015q2/bin/../lib/gcc/arm-none-eabi/4.9.3/armv7e-m/fpu/crtbegin.o

.ARM.exidx      0x08003258        0x0
                0x08003258                __exidx_start = .
 *(.ARM.exidx* .gnu.linkonce.armexidx.*)
                0x08003258                __exidx_end = .

.data           0x20000000      0x324 load address 0x08003258
                0x20000000                . = ALIGN (0x4)
                0x20000000                _sdata = .
                0x20000000                _data = .
 *(.data)
 .data          0x20000000      0x20c ../../../libraries/libge.a(ge_gpio.o)
                0x20000000                _ge_pin_num
                0x200000b0                _ge_pin_port
 .data          0x2000020c        0x4 ../../../libraries/libge.a(ge_system.o)
                0x2000020c                _ge_usb_timeout
 .data          0x20000210        0x4 ../../../libraries/libge.a(ge_vcom.o)
                0x20000210                packet_sent
 .data          0x20000214       0x1a ../../../libraries/libge.a(usb_desc.o)
                0x20000214                Virtual_Com_Port_StringSerial
 *fill*         0x2000022e        0x2 
 .data          0x20000230       0x38 ../../../libraries/libge.a(usb_istr.o)
                0x20000230                pEpInt_OUT
                0x2000024c                pEpInt_IN
 .data          0x20000268       0x8e ../../../libraries/libge.a(usb_prop.o)
                0x20000268                linecoding
                0x20000270                Device_Property
                0x200002a0                Device_Descriptor
                0x200002a8                Config_Descriptor
                0x200002b0                String_Descriptor
                0x200002d0                User_Standard_Requests
                0x200002f4                Device_Table
 *fill*         0x200002f6        0x2 
 .data          0x200002f8       0x2a Libraries/libstm32f3.a(stm32f30x_rcc.o)
 *(.data.*)
 *(.RAMtext)
                0x20000324                . = ALIGN (0x4)
 *fill*         0x20000322        0x2 
                0x20000324                _edata = .

.igot.plt       0x20000324        0x0 load address 0x0800357c
 .igot.plt      0x00000000        0x0 /home/ned/ee155_tools/gcc-arm-none-eabi-4_9-2015q2/bin/../lib/gcc/arm-none-eabi/4.9.3/armv7e-m/fpu/crtbegin.o

.bss            0x20000324      0x1dc load address 0x0800357c
                0x20000324                . = ALIGN (0x4)
                0x20000324                _sbss = .
                0x20000324                _bss = .
 *(.bss)
 .bss           0x20000324        0x4 ../../../libraries/libge.a(ge_system.o)
                0x20000324                _ge_delay_time
 .bss           0x20000328        0x3 ../../../libraries/libge.a(ge_vcom.o)
                0x20000328                _vcom_buf_head
                0x20000329                _vcom_buf_tail
                0x2000032a                _vcom_buf_corrupt
 *fill*         0x2000032b        0x1 
 .bss           0x2000032c        0xc ../../../libraries/libge.a(usb_istr.o)
                0x2000032c                bIntPackSOF
                0x20000330                esof_counter
                0x20000334                wCNTR
 .bss           0x20000338        0x1 ../../../libraries/libge.a(usb_prop.o)
                0x20000338                Request
 *fill*         0x20000339        0x3 
 .bss           0x2000033c        0x8 ../../../libraries/libge.a(usb_pwr.o)
                0x2000033c                remotewakeupon
                0x20000340                bDeviceState
 .bss           0x20000344        0x1 ../../../libraries/libge.a(usb_core.o)
                0x20000344                Data_Mul_MaxPacketSize
 *(.bss.*)
 *(COMMON)
 *fill*         0x20000345        0x3 
 COMMON         0x20000348       0x50 objs/hw_config.o
                0x20000348                HSEStartUpStatus
                0x2000034c                Receive_Buffer
                0x2000038c                EXTI_InitStructure
                0x20000394                Send_length
 COMMON         0x20000398      0x102 ../../../libraries/libge.a(ge_vcom.o)
                0x20000398                _vcom_buf
                0x20000498                _vcom_buf_available
 COMMON         0x2000049a        0x2 ../../../libraries/libge.a(usb_istr.o)
                0x2000049a                wIstr
 COMMON         0x2000049c       0x24 ../../../libraries/libge.a(usb_pwr.o)
                0x2000049c                ResumeS
                0x200004a0                EP
 COMMON         0x200004c0        0x2 ../../../libraries/libge.a(usb_core.o)
                0x200004c0                StatusInfo
 *fill*         0x200004c2        0x2 
 COMMON         0x200004c4       0x32 ../../../libraries/libge.a(usb_init.o)
                0x200004c4                SaveState
                0x200004c8                pProperty
                0x200004cc                EPindex
                0x200004d0                Device_Info
                0x200004ec                pUser_Standard_Requests
                0x200004f0                pInformation
                0x200004f4                wInterrupt_Mask
 COMMON         0x200004f6        0x4 ../../../libraries/libge.a(usb_int.o)
                0x200004f6                SaveRState
                0x200004f8                SaveTState
 *fill*         0x200004fa        0x2 
 COMMON         0x200004fc        0x4 ../../../libraries/libge.a(usb_endp.o)
                0x200004fc                Receive_length
                0x20000500                . = ALIGN (0x4)
                0x20000500                _ebss = .
                0x20000500                PROVIDE (end, _ebss)
                0x20000500                PROVIDE (_end, _ebss)

/DISCARD/
 libc.a(*)
 libm.a(*)
 libgcc.a(*)

.stab
 *(.stab)

.stabstr
 *(.stabstr)

.stab.excl
 *(.stab.excl)

.stab.exclstr
 *(.stab.exclstr)

.stab.index
 *(.stab.index)

.stab.indexstr
 *(.stab.indexstr)

.comment        0x00000000       0x70
 *(.comment)
 .comment       0x00000000       0x70 objs/hw_config.o
                                 0x71 (size before relaxing)
 .comment       0x00000000       0x71 objs/main.o
 .comment       0x00000000       0x71 objs/system_stm32f30x.o
 .comment       0x00000000       0x71 ../../../libraries/libge.a(ge_gpio.o)
 .comment       0x00000000       0x71 ../../../libraries/libge.a(ge_lcd.o)
 .comment       0x00000000       0x71 ../../../libraries/libge.a(ge_system.o)
 .comment       0x00000000       0x71 ../../../libraries/libge.a(ge_vcom.o)
 .comment       0x00000000       0x71 ../../../libraries/libge.a(HD44780_F3.o)
 .comment       0x00000000       0x71 ../../../libraries/libge.a(usb_desc.o)
 .comment       0x00000000       0x71 ../../../libraries/libge.a(usb_istr.o)
 .comment       0x00000000       0x71 ../../../libraries/libge.a(usb_prop.o)
 .comment       0x00000000       0x71 ../../../libraries/libge.a(usb_pwr.o)
 .comment       0x00000000       0x71 ../../../libraries/libge.a(usb_core.o)
 .comment       0x00000000       0x71 ../../../libraries/libge.a(usb_init.o)
 .comment       0x00000000       0x71 ../../../libraries/libge.a(usb_int.o)
 .comment       0x00000000       0x71 ../../../libraries/libge.a(usb_mem.o)
 .comment       0x00000000       0x71 ../../../libraries/libge.a(usb_regs.o)
 .comment       0x00000000       0x71 ../../../libraries/libge.a(usb_sil.o)
 .comment       0x00000000       0x71 ../../../libraries/libge.a(usb_endp.o)
 .comment       0x00000000       0x71 Libraries/libstm32f3.a(stm32f30x_exti.o)
 .comment       0x00000000       0x71 Libraries/libstm32f3.a(stm32f30x_gpio.o)
 .comment       0x00000000       0x71 Libraries/libstm32f3.a(stm32f30x_misc.o)
 .comment       0x00000000       0x71 Libraries/libstm32f3.a(stm32f30x_rcc.o)

.ARM.attributes
                0x00000000       0x30
 .ARM.attributes
                0x00000000       0x22 /home/ned/ee155_tools/gcc-arm-none-eabi-4_9-2015q2/bin/../lib/gcc/arm-none-eabi/4.9.3/armv7e-m/fpu/crti.o
 .ARM.attributes
                0x00000022       0x39 objs/hw_config.o
 .ARM.attributes
                0x0000005b       0x39 objs/main.o
 .ARM.attributes
                0x00000094       0x39 objs/system_stm32f30x.o
 .ARM.attributes
                0x000000cd       0x21 /tmp/cc8wXYmg.o
 .ARM.attributes
                0x000000ee       0x39 ../../../libraries/libge.a(ge_gpio.o)
 .ARM.attributes
                0x00000127       0x39 ../../../libraries/libge.a(ge_lcd.o)
 .ARM.attributes
                0x00000160       0x39 ../../../libraries/libge.a(ge_system.o)
 .ARM.attributes
                0x00000199       0x39 ../../../libraries/libge.a(ge_vcom.o)
 .ARM.attributes
                0x000001d2       0x39 ../../../libraries/libge.a(HD44780_F3.o)
 .ARM.attributes
                0x0000020b       0x39 ../../../libraries/libge.a(usb_desc.o)
 .ARM.attributes
                0x00000244       0x39 ../../../libraries/libge.a(usb_istr.o)
 .ARM.attributes
                0x0000027d       0x39 ../../../libraries/libge.a(usb_prop.o)
 .ARM.attributes
                0x000002b6       0x39 ../../../libraries/libge.a(usb_pwr.o)
 .ARM.attributes
                0x000002ef       0x39 ../../../libraries/libge.a(usb_core.o)
 .ARM.attributes
                0x00000328       0x39 ../../../libraries/libge.a(usb_init.o)
 .ARM.attributes
                0x00000361       0x39 ../../../libraries/libge.a(usb_int.o)
 .ARM.attributes
                0x0000039a       0x39 ../../../libraries/libge.a(usb_mem.o)
 .ARM.attributes
                0x000003d3       0x39 ../../../libraries/libge.a(usb_regs.o)
 .ARM.attributes
                0x0000040c       0x39 ../../../libraries/libge.a(usb_sil.o)
 .ARM.attributes
                0x00000445       0x39 ../../../libraries/libge.a(usb_endp.o)
 .ARM.attributes
                0x0000047e       0x39 Libraries/libstm32f3.a(stm32f30x_exti.o)
 .ARM.attributes
                0x000004b7       0x39 Libraries/libstm32f3.a(stm32f30x_gpio.o)
 .ARM.attributes
                0x000004f0       0x39 Libraries/libstm32f3.a(stm32f30x_misc.o)
 .ARM.attributes
                0x00000529       0x39 Libraries/libstm32f3.a(stm32f30x_rcc.o)
 .ARM.attributes
                0x00000562       0x34 /home/ned/ee155_tools/gcc-arm-none-eabi-4_9-2015q2/bin/../lib/gcc/arm-none-eabi/4.9.3/../../../../arm-none-eabi/lib/armv7e-m/fpu/libg.a(lib_a-init.o)
 .ARM.attributes
                0x00000596       0x34 /home/ned/ee155_tools/gcc-arm-none-eabi-4_9-2015q2/bin/../lib/gcc/arm-none-eabi/4.9.3/../../../../arm-none-eabi/lib/armv7e-m/fpu/libg.a(lib_a-strlen.o)
 .ARM.attributes
                0x000005ca       0x22 /home/ned/ee155_tools/gcc-arm-none-eabi-4_9-2015q2/bin/../lib/gcc/arm-none-eabi/4.9.3/armv7e-m/fpu/crtn.o

.debug
 *(.debug)

.line
 *(.line)

.debug_srcinfo
 *(.debug_srcinfo)

.debug_sfnames
 *(.debug_sfnames)

.debug_aranges  0x00000000      0x370
 *(.debug_aranges)
 .debug_aranges
                0x00000000       0x70 objs/hw_config.o
 .debug_aranges
                0x00000070       0x38 objs/main.o
 .debug_aranges
                0x000000a8       0x28 objs/system_stm32f30x.o
 .debug_aranges
                0x000000d0       0x28 /tmp/cc8wXYmg.o
 .debug_aranges
                0x000000f8       0x20 ../../../libraries/libge.a(ge_gpio.o)
 .debug_aranges
                0x00000118       0x20 ../../../libraries/libge.a(ge_lcd.o)
 .debug_aranges
                0x00000138       0x20 ../../../libraries/libge.a(ge_system.o)
 .debug_aranges
                0x00000158       0x20 ../../../libraries/libge.a(ge_vcom.o)
 .debug_aranges
                0x00000178       0x20 ../../../libraries/libge.a(HD44780_F3.o)
 .debug_aranges
                0x00000198       0x18 ../../../libraries/libge.a(usb_desc.o)
 .debug_aranges
                0x000001b0       0x20 ../../../libraries/libge.a(usb_istr.o)
 .debug_aranges
                0x000001d0       0x20 ../../../libraries/libge.a(usb_prop.o)
 .debug_aranges
                0x000001f0       0x20 ../../../libraries/libge.a(usb_pwr.o)
 .debug_aranges
                0x00000210       0x20 ../../../libraries/libge.a(usb_core.o)
 .debug_aranges
                0x00000230       0x20 ../../../libraries/libge.a(usb_init.o)
 .debug_aranges
                0x00000250       0x20 ../../../libraries/libge.a(usb_int.o)
 .debug_aranges
                0x00000270       0x20 ../../../libraries/libge.a(usb_mem.o)
 .debug_aranges
                0x00000290       0x20 ../../../libraries/libge.a(usb_regs.o)
 .debug_aranges
                0x000002b0       0x20 ../../../libraries/libge.a(usb_sil.o)
 .debug_aranges
                0x000002d0       0x20 ../../../libraries/libge.a(usb_endp.o)
 .debug_aranges
                0x000002f0       0x20 Libraries/libstm32f3.a(stm32f30x_exti.o)
 .debug_aranges
                0x00000310       0x20 Libraries/libstm32f3.a(stm32f30x_gpio.o)
 .debug_aranges
                0x00000330       0x20 Libraries/libstm32f3.a(stm32f30x_misc.o)
 .debug_aranges
                0x00000350       0x20 Libraries/libstm32f3.a(stm32f30x_rcc.o)

.debug_pubnames
 *(.debug_pubnames)

.debug_info     0x00000000     0x93fe
 *(.debug_info .gnu.linkonce.wi.*)
 .debug_info    0x00000000      0xe79 objs/hw_config.o
 .debug_info    0x00000e79      0x8a6 objs/main.o
 .debug_info    0x0000171f      0x4bc objs/system_stm32f30x.o
 .debug_info    0x00001bdb       0x7b /tmp/cc8wXYmg.o
 .debug_info    0x00001c56      0x63d ../../../libraries/libge.a(ge_gpio.o)
 .debug_info    0x00002293      0x1db ../../../libraries/libge.a(ge_lcd.o)
 .debug_info    0x0000246e      0x7aa ../../../libraries/libge.a(ge_system.o)
 .debug_info    0x00002c18      0x40e ../../../libraries/libge.a(ge_vcom.o)
 .debug_info    0x00003026      0x968 ../../../libraries/libge.a(HD44780_F3.o)
 .debug_info    0x0000398e      0x1b3 ../../../libraries/libge.a(usb_desc.o)
 .debug_info    0x00003b41      0x381 ../../../libraries/libge.a(usb_istr.o)
 .debug_info    0x00003ec2      0xbbe ../../../libraries/libge.a(usb_prop.o)
 .debug_info    0x00004a80      0x5c9 ../../../libraries/libge.a(usb_pwr.o)
 .debug_info    0x00005049      0xebd ../../../libraries/libge.a(usb_core.o)
 .debug_info    0x00005f06      0x475 ../../../libraries/libge.a(usb_init.o)
 .debug_info    0x0000637b      0x20d ../../../libraries/libge.a(usb_int.o)
 .debug_info    0x00006588      0x1ef ../../../libraries/libge.a(usb_mem.o)
 .debug_info    0x00006777      0xd05 ../../../libraries/libge.a(usb_regs.o)
 .debug_info    0x0000747c      0x2a8 ../../../libraries/libge.a(usb_sil.o)
 .debug_info    0x00007724      0x221 ../../../libraries/libge.a(usb_endp.o)
 .debug_info    0x00007945      0x3ab Libraries/libstm32f3.a(stm32f30x_exti.o)
 .debug_info    0x00007cf0      0x725 Libraries/libstm32f3.a(stm32f30x_gpio.o)
 .debug_info    0x00008415      0x526 Libraries/libstm32f3.a(stm32f30x_misc.o)
 .debug_info    0x0000893b      0xac3 Libraries/libstm32f3.a(stm32f30x_rcc.o)

.debug_abbrev   0x00000000     0x2849
 *(.debug_abbrev)
 .debug_abbrev  0x00000000      0x2ef objs/hw_config.o
 .debug_abbrev  0x000002ef      0x172 objs/main.o
 .debug_abbrev  0x00000461      0x145 objs/system_stm32f30x.o
 .debug_abbrev  0x000005a6       0x12 /tmp/cc8wXYmg.o
 .debug_abbrev  0x000005b8      0x1e9 ../../../libraries/libge.a(ge_gpio.o)
 .debug_abbrev  0x000007a1       0xd4 ../../../libraries/libge.a(ge_lcd.o)
 .debug_abbrev  0x00000875      0x227 ../../../libraries/libge.a(ge_system.o)
 .debug_abbrev  0x00000a9c      0x1cd ../../../libraries/libge.a(ge_vcom.o)
 .debug_abbrev  0x00000c69      0x290 ../../../libraries/libge.a(HD44780_F3.o)
 .debug_abbrev  0x00000ef9       0x75 ../../../libraries/libge.a(usb_desc.o)
 .debug_abbrev  0x00000f6e      0x162 ../../../libraries/libge.a(usb_istr.o)
 .debug_abbrev  0x000010d0      0x292 ../../../libraries/libge.a(usb_prop.o)
 .debug_abbrev  0x00001362      0x28b ../../../libraries/libge.a(usb_pwr.o)
 .debug_abbrev  0x000015ed      0x3f1 ../../../libraries/libge.a(usb_core.o)
 .debug_abbrev  0x000019de      0x12f ../../../libraries/libge.a(usb_init.o)
 .debug_abbrev  0x00001b0d       0xfd ../../../libraries/libge.a(usb_int.o)
 .debug_abbrev  0x00001c0a       0xc2 ../../../libraries/libge.a(usb_mem.o)
 .debug_abbrev  0x00001ccc      0x212 ../../../libraries/libge.a(usb_regs.o)
 .debug_abbrev  0x00001ede      0x157 ../../../libraries/libge.a(usb_sil.o)
 .debug_abbrev  0x00002035      0x13f ../../../libraries/libge.a(usb_endp.o)
 .debug_abbrev  0x00002174      0x18b Libraries/libstm32f3.a(stm32f30x_exti.o)
 .debug_abbrev  0x000022ff      0x1e9 Libraries/libstm32f3.a(stm32f30x_gpio.o)
 .debug_abbrev  0x000024e8      0x156 Libraries/libstm32f3.a(stm32f30x_misc.o)
 .debug_abbrev  0x0000263e      0x20b Libraries/libstm32f3.a(stm32f30x_rcc.o)

.debug_line     0x00000000     0x3537
 *(.debug_line)
 .debug_line    0x00000000      0x39a objs/hw_config.o
 .debug_line    0x0000039a      0x1ea objs/main.o
 .debug_line    0x00000584      0x1c5 objs/system_stm32f30x.o
 .debug_line    0x00000749       0x77 /tmp/cc8wXYmg.o
 .debug_line    0x000007c0      0x254 ../../../libraries/libge.a(ge_gpio.o)
 .debug_line    0x00000a14      0x165 ../../../libraries/libge.a(ge_lcd.o)
 .debug_line    0x00000b79      0x225 ../../../libraries/libge.a(ge_system.o)
 .debug_line    0x00000d9e      0x2db ../../../libraries/libge.a(ge_vcom.o)
 .debug_line    0x00001079      0x2eb ../../../libraries/libge.a(HD44780_F3.o)
 .debug_line    0x00001364      0x104 ../../../libraries/libge.a(usb_desc.o)
 .debug_line    0x00001468      0x201 ../../../libraries/libge.a(usb_istr.o)
 .debug_line    0x00001669      0x251 ../../../libraries/libge.a(usb_prop.o)
 .debug_line    0x000018ba      0x2c9 ../../../libraries/libge.a(usb_pwr.o)
 .debug_line    0x00001b83      0x4fe ../../../libraries/libge.a(usb_core.o)
 .debug_line    0x00002081      0x1a4 ../../../libraries/libge.a(usb_init.o)
 .debug_line    0x00002225      0x232 ../../../libraries/libge.a(usb_int.o)
 .debug_line    0x00002457      0x182 ../../../libraries/libge.a(usb_mem.o)
 .debug_line    0x000025d9      0x358 ../../../libraries/libge.a(usb_regs.o)
 .debug_line    0x00002931      0x1cb ../../../libraries/libge.a(usb_sil.o)
 .debug_line    0x00002afc      0x1a1 ../../../libraries/libge.a(usb_endp.o)
 .debug_line    0x00002c9d      0x1ba Libraries/libstm32f3.a(stm32f30x_exti.o)
 .debug_line    0x00002e57      0x219 Libraries/libstm32f3.a(stm32f30x_gpio.o)
 .debug_line    0x00003070      0x17f Libraries/libstm32f3.a(stm32f30x_misc.o)
 .debug_line    0x000031ef      0x348 Libraries/libstm32f3.a(stm32f30x_rcc.o)

.debug_frame    0x00000000     0x13a4
 *(.debug_frame)
 .debug_frame   0x00000000      0x120 objs/hw_config.o
 .debug_frame   0x00000120       0x7c objs/main.o
 .debug_frame   0x0000019c       0x44 objs/system_stm32f30x.o
 .debug_frame   0x000001e0       0x9c ../../../libraries/libge.a(ge_gpio.o)
 .debug_frame   0x0000027c       0x60 ../../../libraries/libge.a(ge_lcd.o)
 .debug_frame   0x000002dc       0x58 ../../../libraries/libge.a(ge_system.o)
 .debug_frame   0x00000334       0xb4 ../../../libraries/libge.a(ge_vcom.o)
 .debug_frame   0x000003e8      0x128 ../../../libraries/libge.a(HD44780_F3.o)
 .debug_frame   0x00000510       0x34 ../../../libraries/libge.a(usb_istr.o)
 .debug_frame   0x00000544      0x108 ../../../libraries/libge.a(usb_prop.o)
 .debug_frame   0x0000064c       0xb0 ../../../libraries/libge.a(usb_pwr.o)
 .debug_frame   0x000006fc      0x1f8 ../../../libraries/libge.a(usb_core.o)
 .debug_frame   0x000008f4       0x2c ../../../libraries/libge.a(usb_init.o)
 .debug_frame   0x00000920       0x60 ../../../libraries/libge.a(usb_int.o)
 .debug_frame   0x00000980       0x3c ../../../libraries/libge.a(usb_mem.o)
 .debug_frame   0x000009bc      0x3f4 ../../../libraries/libge.a(usb_regs.o)
 .debug_frame   0x00000db0       0x64 ../../../libraries/libge.a(usb_sil.o)
 .debug_frame   0x00000e14       0x48 ../../../libraries/libge.a(usb_endp.o)
 .debug_frame   0x00000e5c       0xb8 Libraries/libstm32f3.a(stm32f30x_exti.o)
 .debug_frame   0x00000f14      0x134 Libraries/libstm32f3.a(stm32f30x_gpio.o)
 .debug_frame   0x00001048       0x74 Libraries/libstm32f3.a(stm32f30x_misc.o)
 .debug_frame   0x000010bc      0x29c Libraries/libstm32f3.a(stm32f30x_rcc.o)
 .debug_frame   0x00001358       0x2c /home/ned/ee155_tools/gcc-arm-none-eabi-4_9-2015q2/bin/../lib/gcc/arm-none-eabi/4.9.3/../../../../arm-none-eabi/lib/armv7e-m/fpu/libg.a(lib_a-init.o)
 .debug_frame   0x00001384       0x20 /home/ned/ee155_tools/gcc-arm-none-eabi-4_9-2015q2/bin/../lib/gcc/arm-none-eabi/4.9.3/../../../../arm-none-eabi/lib/armv7e-m/fpu/libg.a(lib_a-strlen.o)

.debug_str      0x00000000     0x2e0e
 *(.debug_str)
 .debug_str     0x00000000      0xd30 objs/hw_config.o
                                0xdcf (size before relaxing)
 .debug_str     0x00000d30      0x1c0 objs/main.o
                                0x3e1 (size before relaxing)
 .debug_str     0x00000ef0      0x158 objs/system_stm32f30x.o
                                0x375 (size before relaxing)
 .debug_str     0x00001048      0x199 ../../../libraries/libge.a(ge_gpio.o)
                                0x4ca (size before relaxing)
 .debug_str     0x000011e1       0x60 ../../../libraries/libge.a(ge_lcd.o)
                                0x242 (size before relaxing)
 .debug_str     0x00001241      0x210 ../../../libraries/libge.a(ge_system.o)
                                0x898 (size before relaxing)
 .debug_str     0x00001451      0x175 ../../../libraries/libge.a(ge_vcom.o)
                                0x45b (size before relaxing)
 .debug_str     0x000015c6       0x7d ../../../libraries/libge.a(HD44780_F3.o)
                                0x4dc (size before relaxing)
 .debug_str     0x00001643       0xae ../../../libraries/libge.a(usb_desc.o)
                                0x28d (size before relaxing)
 .debug_str     0x000016f1      0x128 ../../../libraries/libge.a(usb_istr.o)
                                0x3ec (size before relaxing)
 .debug_str     0x00001819      0x481 ../../../libraries/libge.a(usb_prop.o)
                                0xa60 (size before relaxing)
 .debug_str     0x00001c9a       0x8d ../../../libraries/libge.a(usb_pwr.o)
                                0x44c (size before relaxing)
 .debug_str     0x00001d27      0x47f ../../../libraries/libge.a(usb_core.o)
                                0xb56 (size before relaxing)
 .debug_str     0x000021a6       0x5a ../../../libraries/libge.a(usb_init.o)
                                0x5bd (size before relaxing)
 .debug_str     0x00002200       0x55 ../../../libraries/libge.a(usb_int.o)
                                0x290 (size before relaxing)
 .debug_str     0x00002255       0x77 ../../../libraries/libge.a(usb_mem.o)
                                0x269 (size before relaxing)
 .debug_str     0x000022cc      0x343 ../../../libraries/libge.a(usb_regs.o)
                                0x5f1 (size before relaxing)
 .debug_str     0x0000260f       0x90 ../../../libraries/libge.a(usb_sil.o)
                                0x2d1 (size before relaxing)
 .debug_str     0x0000269f       0x3f ../../../libraries/libge.a(usb_endp.o)
                                0x287 (size before relaxing)
 .debug_str     0x000026de      0x1f9 Libraries/libstm32f3.a(stm32f30x_exti.o)
                                0x3df (size before relaxing)
 .debug_str     0x000028d7      0x108 Libraries/libstm32f3.a(stm32f30x_gpio.o)
                                0x508 (size before relaxing)
 .debug_str     0x000029df       0xcc Libraries/libstm32f3.a(stm32f30x_misc.o)
                                0x423 (size before relaxing)
 .debug_str     0x00002aab      0x363 Libraries/libstm32f3.a(stm32f30x_rcc.o)
                                0x83e (size before relaxing)

.debug_loc      0x00000000     0x3644
 *(.debug_loc)
 .debug_loc     0x00000000      0x175 objs/hw_config.o
 .debug_loc     0x00000175       0xad objs/system_stm32f30x.o
 .debug_loc     0x00000222       0xe4 ../../../libraries/libge.a(ge_gpio.o)
 .debug_loc     0x00000306       0x84 ../../../libraries/libge.a(ge_lcd.o)
 .debug_loc     0x0000038a       0x21 ../../../libraries/libge.a(ge_system.o)
 .debug_loc     0x000003ab       0x55 ../../../libraries/libge.a(ge_vcom.o)
 .debug_loc     0x00000400      0x194 ../../../libraries/libge.a(HD44780_F3.o)
 .debug_loc     0x00000594       0x42 ../../../libraries/libge.a(usb_istr.o)
 .debug_loc     0x000005d6      0x20d ../../../libraries/libge.a(usb_prop.o)
 .debug_loc     0x000007e3      0x1a1 ../../../libraries/libge.a(usb_pwr.o)
 .debug_loc     0x00000984      0x9eb ../../../libraries/libge.a(usb_core.o)
 .debug_loc     0x0000136f       0xbc ../../../libraries/libge.a(usb_int.o)
 .debug_loc     0x0000142b      0x271 ../../../libraries/libge.a(usb_mem.o)
 .debug_loc     0x0000169c      0xbf7 ../../../libraries/libge.a(usb_regs.o)
 .debug_loc     0x00002293       0xc4 ../../../libraries/libge.a(usb_sil.o)
 .debug_loc     0x00002357       0x1f ../../../libraries/libge.a(usb_endp.o)
 .debug_loc     0x00002376      0x2af Libraries/libstm32f3.a(stm32f30x_exti.o)
 .debug_loc     0x00002625      0x337 Libraries/libstm32f3.a(stm32f30x_gpio.o)
 .debug_loc     0x0000295c      0x17b Libraries/libstm32f3.a(stm32f30x_misc.o)
 .debug_loc     0x00002ad7      0xb6d Libraries/libstm32f3.a(stm32f30x_rcc.o)

.debug_macinfo
 *(.debug_macinfo)

.debug_weaknames
 *(.debug_weaknames)

.debug_funcnames
 *(.debug_funcnames)

.debug_typenames
 *(.debug_typenames)

.debug_varnames
 *(.debug_varnames)
OUTPUT(main.elf elf32-littlearm)

.debug_ranges   0x00000000      0x480
 .debug_ranges  0x00000000       0x60 objs/hw_config.o
 .debug_ranges  0x00000060       0x28 objs/main.o
 .debug_ranges  0x00000088       0x30 objs/system_stm32f30x.o
 .debug_ranges  0x000000b8       0x20 /tmp/cc8wXYmg.o
 .debug_ranges  0x000000d8       0x38 ../../../libraries/libge.a(ge_system.o)
 .debug_ranges  0x00000110       0x30 ../../../libraries/libge.a(HD44780_F3.o)
 .debug_ranges  0x00000140       0x38 ../../../libraries/libge.a(usb_pwr.o)
 .debug_ranges  0x00000178      0x110 ../../../libraries/libge.a(usb_core.o)
 .debug_ranges  0x00000288       0x18 ../../../libraries/libge.a(usb_int.o)
 .debug_ranges  0x000002a0      0x1e0 ../../../libraries/libge.a(usb_regs.o)
